Traceback (most recent call last):
  File "<frozen runpy>", line 198, in _run_module_as_main
  File "<frozen runpy>", line 88, in _run_code
  File "/usr/lib/python3.12/http/server.py", line 1314, in <module>
    test(
  File "/usr/lib/python3.12/http/server.py", line 1261, in test
    with ServerClass(addr, HandlerClass) as httpd:
         ^^^^^^^^^^^^^^^^^^^^^^^^^^^^^^^
  File "/usr/lib/python3.12/socketserver.py", line 457, in __init__
    self.server_bind()
  File "/usr/lib/python3.12/http/server.py", line 1308, in server_bind
    return super().server_bind()
           ^^^^^^^^^^^^^^^^^^^^^
  File "/usr/lib/python3.12/http/server.py", line 136, in server_bind
    socketserver.TCPServer.server_bind(self)
  File "/usr/lib/python3.12/socketserver.py", line 473[2026-02-16T23:39:49.636Z]  "GET /" "curl/8.5.0"
[2026-02-16T23:41:37.444Z]  "GET /" "curl/8.5.0"
[2026-02-16T23:41:41.326Z]  "GET /" "curl/8.5.0"
[2026-02-16T23:47:19.494Z]  "GET /" "Mozilla/5.0 (X11; Ubuntu; Linux x86_64; rv:147.0) Gecko/20100101 Firefox/147.0"
http-server stopped.
